Inspecting Data/export.geojson:
Keys: ['type', 'generator', 'copyright', 'timestamp', 'features']
Number of features: 41864
First feature properties: {'@id': 'way/52332572', 'building': 'yes', 'highway': 'platform', 'public_transport': 'platform', 'ref': '1'}
First feature geometry type: Polygon
Feature 0 properties: {'@id': 'way/52332572', 'building': 'yes', 'highway': 'platform', 'public_transport': 'platform', 'ref': '1'}
Feature 1 properties: {'@id': 'way/52332573', 'building': 'yes', 'highway': 'platform', 'public_transport': 'platform', 'ref': '2'}
Feature 2 properties: {'@id': 'way/52332574', 'area': 'yes', 'building': 'yes', 'highway': 'platform', 'ref': '3'}
Feature 3 properties: {'@id': 'way/22832558', 'highway': 'secondary', 'name': 'Pattukkottai - Adirampattinam Road', 'name:ta': 'பட்டுக்கோட்டைச் - அதிராம்பட்டினம் சாலை', 'ref': 'MDR342'}
Feature 4 properties: {'@id': 'way/22832559', 'highway': 'primary', 'name': 'Musiri - Kulithalai - Pudukkottai - Alangudi  - Peravurani - Sedupavachattiram Road', 'ref': 'SH71', 'source:surface': 'bing', 'surface': 'asphalt'}
Feature 5 properties: {'@id': 'way/22832563', 'highway': 'primary', 'name': 'Kumbakonam - Mannargudi - Adhirampattinam Road', 'ref': 'SH66', 'source:surface': 'DigitalGlobeStandard', 'surface': 'asphalt'}
Feature 6 properties: {'@id': 'way/22832572', 'highway': 'primary', 'name': 'Nagore - Nannilam - Nachiyarkoil Road', 'ref': 'SH67', 'source:surface': 'bing', 'surface': 'asphalt'}
Feature 7 properties: {'@id': 'way/22832586', 'highway': 'secondary', 'name': 'Madhukkur - Pattukkottai Road', 'ref': 'MDR226', 'source:surface': 'bing', 'surface': 'asphalt'}
Feature 8 properties: {'@id': 'way/22832595', 'highway': 'trunk', 'lanes': '2', 'motorroad': 'no', 'ref': 'NH83', 'ref:old': 'NH67', 'surface': 'asphalt'}
Feature 9 properties: {'@id': 'way/22832596', 'highway': 'primary', 'name': 'Thanjavur - Pattukkottai - Aranthangi - Karaikudi - Paramakudi - Sayalkudi Road', 'ref': 'SH29'}
==================================================
Inspecting Data/export (1).geojson:
Keys: ['type', 'generator', 'copyright', 'timestamp', 'features']
Number of features: 11
First feature properties: {'@id': 'relation/6668806', 'amenity': 'place_of_worship', 'heritage': '1', 'heritage:operator': 'whc', 'heritage:website': 'https://whc.unesco.org/en/list/250/', 'mapillary': '815641735737330', 'name': 'Brihadishwara Temple', 'name:en': 'Brihadishwara Temple', 'name:kn': 'ಬೃಹದೀಶ್ವರ ದೇವಾಲಯ', 'name:ta': 'தஞ்சைப் பெருவுடையார் கோயில்', 'religion': 'hindu', 'tourism': 'attraction', 'type': 'building', 'whc:criteria': '(ii)(iii)', 'whc:extension': '2004', 'whc:inscription_date': '1987', 'wheelchair': 'no', 'wikidata': 'Q916943', 'wikipedia': 'en:Brihadeeswarar Temple', '@geometry': 'center'}
First feature geometry type: Point
Feature 0 properties: {'@id': 'relation/6668806', 'amenity': 'place_of_worship', 'heritage': '1', 'heritage:operator': 'whc', 'heritage:website': 'https://whc.unesco.org/en/list/250/', 'mapillary': '815641735737330', 'name': 'Brihadishwara Temple', 'name:en': 'Brihadishwara Temple', 'name:kn': 'ಬೃಹದೀಶ್ವರ ದೇವಾಲಯ', 'name:ta': 'தஞ்சைப் பெருவுடையார் கோயில்', 'religion': 'hindu', 'tourism': 'attraction', 'type': 'building', 'whc:criteria': '(ii)(iii)', 'whc:extension': '2004', 'whc:inscription_date': '1987', 'wheelchair': 'no', 'wikidata': 'Q916943', 'wikipedia': 'en:Brihadeeswarar Temple', '@geometry': 'center'}
Feature 1 properties: {'@id': 'relation/8341173', 'building': 'yes', 'historic': 'yes', 'name': 'Thanjavur Maratha Palace', 'name:ml': 'തഞ്ചാവൂർ മറാത്ത കൊട്ടാരം', 'name:ta': 'தஞ்சை மராட்டிய அரண்மனை', 'tourism': 'attraction', 'type': 'multipolygon', '@geometry': 'center'}
Feature 2 properties: {'@id': 'relation/8345043', 'amenity': 'place_of_worship', 'building': 'temple', 'heritage': '1', 'heritage:operator': 'whc', 'heritage:website': 'https://whc.unesco.org/en/list/250/', 'name': 'Thirumigu Airavateswarar Temple', 'religion': 'hindu', 'tourism': 'attraction', 'type': 'multipolygon', 'whc:criteria': '(ii)(iii)', 'whc:extension': '2004', 'whc:inscription_date': '1987', '@geometry': 'center'}
Feature 3 properties: {'@id': 'relation/9762728', 'boundary': 'protected_area', 'heritage': '1', 'heritage:operator': 'whc', 'historic': 'archaeological_site', 'name': 'Great Living Chola Temples', 'name:ar': 'معابد شولا الكبيرة الحية', 'name:en': 'Great Living Chola Temples', 'name:es': 'Grandes templos vivientes cholas', 'name:fr': 'Les grands temples vivants Chola', 'name:ja': '大チョーラ朝寺院群', 'name:nl': 'Great Living Chola tempels', 'name:ru': 'Великие храмы империи Чола', 'name:zh': '朱罗王朝现存的神庙', 'protect_class': '22', 'ref:whc': '250bis', 'type': 'site', 'whc:criteria': '(i)(ii)(iii)(iv)', 'whc:inscription_date': '1987', 'wikidata': 'Q695229', 'wikipedia': 'en:Great Living Chola Temples', '@geometry': 'center'}
Feature 4 properties: {'@id': 'way/104683753', 'alt_name:en': 'Grand Anicut', 'alt_name:uk': 'Гранд Анікут', 'historic': 'yes', 'name': 'Kallanai', 'name:ml': 'കല്ലണ', 'name:ru': 'Калланай', 'name:ta': 'கல்லணை', 'name:te': 'కల్లనై డ్యామ్', 'name:uk': 'Калланай', 'waterway': 'dam', 'wikidata': 'Q3534498', 'wikipedia': 'ta:கல்லணை', '@geometry': 'center'}
Feature 5 properties: {'@id': 'way/120390896', 'alt_name': 'Tanjai Periya Kovil', 'alt_name:en': 'Big temple', 'alt_name:eo': 'templo RajaRajeswara', 'alt_name:es': 'templo RajaRajeswara', 'alt_name:fr': 'temple de Râjarâjeshvaram', 'alt_name:hr': 'Rajarajeswaram', 'alt_name:id': 'Kuil Rajarajeswara', 'alt_name:ja': 'ラージャラージェーシュヴァラ寺院', 'alt_name:ka': 'ბრიჰადეესვარარის ტაძარი', 'alt_name:kn': 'ಬೃಹದೀಶ್ವರ್ ಟೆಂಪಲ್', 'alt_name:mai': 'बृहदीश्वर मन्दिर', 'alt_name:ml': 'തിരുവുടയാർ കോവിൽ', 'alt_name:new': 'बृहदीश्वर', 'alt_name:pt': 'Peruvudaiyar Koyil', 'alt_name:sh': 'Rajarajeswaram', 'alt_name:ta': 'தஞ்சைப் பெரிய கோயில்', 'alt_name:zh': '罗阇罗阇希瓦拉神庙', 'amenity': 'place_of_worship', 'building': 'temple', 'historic': 'archaeological_site', 'historic:period': '1002', 'name': 'Brihadeeswara Temple', 'name:de': 'Brihadishvara-Tempel', 'name:en': 'Brihadishwara Temple', 'name:eo': 'templo Brihadisvara', 'name:es': 'templo Brihadisvara', 'name:fr': 'temple de Brihadesvara', 'name:hi': 'बृहदेश्वर मन्दिर', 'name:hr': 'Brihadishwara', 'name:id': 'Kuil Brihadiswara', 'name:ja': 'ブリハディーシュヴァラ寺院', 'name:ka': 'ბრიჰადეშვარას ტაძარი', 'name:kn': 'ಬೃಹದೀಶ್ವರ ದೇವಾಲಯ', 'name:ko': '브리하디스와라 사원', 'name:mai': 'बृहदेश्वर मन्दिर', 'name:ml': 'ബൃഹദീശ്വരക്ഷേത്രം', 'name:new': 'बृहदेश्वर', 'name:nl': 'Brihadisvaratempel', 'name:nn': 'Brihadisjvara-tempelet', 'name:or': 'ବୃହଦେଶ୍ଵର ମନ୍ଦିର', 'name:pt': 'templo Brihadeeswarar', 'name:ro': 'Templul Brihadeeswarar', 'name:ru': 'Брахадисва́ра', 'name:sa': 'बृहदीश्वरदेवालयः', 'name:sh': 'Hram Brihadishwara', 'name:sr': 'Брихадесварар храм', 'name:sv': 'Brihadisvaratemplet', 'name:ta': 'தஞ்சைப் பெருவுடையார் கோயில்', 'name:te': 'బృహదీశ్వర ఆలయం', 'name:uk': 'Брахідеешварар', 'name:zh': '布里哈迪希瓦拉神庙', 'religion': 'hindu', 'tourism': 'attraction', 'wheelchair': 'no', 'wikidata': 'Q916943', 'wikimedia_commons': 'Category:Brihadisvara Temple', 'wikipedia': 'ta:தஞ்சைப் பெருவுடையார் கோயில்', '@geometry': 'center'}
Feature 6 properties: {'@id': 'way/555516027', 'historic': 'castle', 'name': 'Manora Fort', 'wikidata': 'Q13646574', 'wikimedia_commons': 'Category:Manora Fort, Thanjavur', 'wikipedia': 'en:Manora Fort, Thanjavur', '@geometry': 'center'}
Feature 7 properties: {'@id': 'way/592802648', 'building': 'yes', 'historic': 'yes', 'name': 'Gopuram', '@geometry': 'center'}
Feature 8 properties: {'@id': 'node/3688301041', 'historic': 'memorial', 'name': 'Karikal Chozhan Mandapam'}
Feature 9 properties: {'@id': 'node/11831919109', 'historic': 'memorial', 'name': 'Great King Raja Raja Chozhan I Memorial'}
==================================================
