2026-09-12 17:55:35 | INFO     | pipeline | ═══ Stage 1 — OSM Ingestion ═══
2026-09-12 17:55:45 | WARNING  | src.ingestion.extract_osm | pyrosm extraction failed or not installed: No module named 'pyrosm'. Falling back to parsing GeoJSON.
2026-09-12 17:55:45 | INFO     | src.ingestion.extract_osm | Loading raw OSM GeoJSON from Data/raw/osm/thanjavur_osm_full.geojson (approx 40MB) …
2026-09-12 17:55:52 | INFO     | src.ingestion.extract_osm | Loaded 41864 OSM entities.
2026-09-12 17:56:27 | INFO     | src.ingestion.extract_osm | Filtering buildings …
2026-09-12 17:56:27 | INFO     | pyogrio._io | Created 3 records
2026-09-12 17:56:27 | INFO     | src.ingestion.extract_osm |   → data\processed\osm\thanjavur_buildings.geojson  (3 features)
2026-09-12 17:56:27 | INFO     | src.ingestion.extract_osm | Filtering waterways and water areas …
2026-09-12 17:56:27 | INFO     | src.ingestion.extract_osm | Filtering roads …
2026-09-12 17:56:41 | INFO     | pyogrio._io | Created 41,500 records
2026-09-12 17:56:41 | INFO     | src.ingestion.extract_osm |   → data\processed\osm\thanjavur_roads.geojson  (41500 features)
2026-09-12 17:56:41 | INFO     | src.ingestion.extract_osm | Filtering landuse / parks / natural …
2026-09-12 17:56:41 | INFO     | src.ingestion.extract_osm | OSM extraction complete.
2026-09-12 17:56:41 | INFO     | pipeline | ═══ Stage 2 — DEM Processing ═══
2026-09-12 17:57:12 | INFO     | pipeline | ═══ Stage 1 — OSM Ingestion ═══
2026-09-12 17:57:13 | WARNING  | src.ingestion.extract_osm | pyrosm extraction failed or not installed: No module named 'pyrosm'. Falling back to parsing GeoJSON.
2026-09-12 17:57:13 | INFO     | src.ingestion.extract_osm | Loading raw OSM GeoJSON from Data/raw/osm/thanjavur_osm_full.geojson (approx 40MB) …
2026-09-12 17:57:16 | INFO     | src.ingestion.extract_osm | Loaded 41864 OSM entities.
2026-09-12 17:57:49 | INFO     | src.ingestion.extract_osm | Filtering buildings …
2026-09-12 17:57:49 | INFO     | pyogrio._io | Created 3 records
2026-09-12 17:57:49 | INFO     | src.ingestion.extract_osm |   → data\processed\osm\thanjavur_buildings.geojson  (3 features)
2026-09-12 17:57:49 | INFO     | src.ingestion.extract_osm | Filtering waterways and water areas …
2026-09-12 17:57:49 | INFO     | src.ingestion.extract_osm | Filtering roads …
2026-09-12 17:58:04 | INFO     | pyogrio._io | Created 41,500 records
2026-09-12 17:58:04 | INFO     | src.ingestion.extract_osm |   → data\processed\osm\thanjavur_roads.geojson  (41500 features)
2026-09-12 17:58:04 | INFO     | src.ingestion.extract_osm | Filtering landuse / parks / natural …
2026-09-12 17:58:04 | INFO     | src.ingestion.extract_osm | OSM extraction complete.
2026-09-12 17:58:04 | INFO     | pipeline | ═══ Stage 2 — DEM Processing ═══
2026-09-12 17:59:37 | INFO     | pipeline | ═══ Stage 5 — Model Training ═══
2026-09-12 17:59:53 | INFO     | pipeline | ═══ Stage 5 — Model Training ═══
2026-09-12 18:02:05 | INFO     | pipeline | ═══ Stage 1 — OSM Ingestion ═══
2026-09-12 18:02:06 | WARNING  | src.ingestion.extract_osm | pyrosm extraction failed or not installed: No module named 'pyrosm'. Falling back to parsing GeoJSON.
2026-09-12 18:02:06 | INFO     | src.ingestion.extract_osm | Loading raw OSM GeoJSON from Data/raw/osm/thanjavur_osm_full.geojson (approx 40MB) …
2026-09-12 18:02:09 | INFO     | src.ingestion.extract_osm | Loaded 41864 OSM entities.
2026-09-12 18:02:28 | INFO     | src.ingestion.extract_osm | Filtering buildings …
2026-09-12 18:02:28 | INFO     | pyogrio._io | Created 3 records
2026-09-12 18:02:28 | INFO     | src.ingestion.extract_osm |   → data\processed\osm\thanjavur_buildings.geojson  (3 features)
2026-09-12 18:02:28 | INFO     | src.ingestion.extract_osm | Filtering waterways and water areas …
2026-09-12 18:02:28 | INFO     | src.ingestion.extract_osm | Filtering roads …
2026-09-12 18:02:31 | INFO     | pyogrio._io | Created 41,500 records
2026-09-12 18:02:31 | INFO     | src.ingestion.extract_osm |   → data\processed\osm\thanjavur_roads.geojson  (41500 features)
2026-09-12 18:02:31 | INFO     | src.ingestion.extract_osm | Filtering landuse / parks / natural …
2026-09-12 18:02:31 | INFO     | src.ingestion.extract_osm | OSM extraction complete.
2026-09-12 18:02:32 | INFO     | pipeline | ═══ Stage 2 — DEM Processing ═══
